// Jest Snapshot v1, https://goo.gl/fbAQLP

exports[`InitialScreen Snapshot Test 1`] = `null`;
